epoch,train_loss,val_lDevice: cuda
Train (정상만): 10000개
Test (불량 전체): 25519개
불량 클래스 분포:
Edge-Ring    9680
Edge-Loc     5189
Center       4294
Loc          3593
Scratch      1193
Random        866
Donut         555
Near-full     149
Name: failureType, dtype: int64
Epoch [1/30] Train Loss: 0.0179 Val Loss: 0.0068
  Best model saved!
Epoch [2/30] Train Loss: 0.0059 Val Loss: 0.0050
  Best model saved!
Epoch [3/30] Train Loss: 0.0045 Val Loss: 0.0041
  Best model saved!
Epoch [4/30] Train Loss: 0.0039 Val Loss: 0.0037
  Best model saved!
Epoch [5/30] Train Loss: 0.0035 Val Loss: 0.0034
  Best model saved!
Epoch [6/30] Train Loss: 0.0032 Val Loss: 0.0030
  Best model saved!
Epoch [7/30] Train Loss: 0.0029 Val Loss: 0.0029
  Best model saved!
Epoch [8/30] Train Loss: 0.0027 Val Loss: 0.0026
  Best model saved!
Epoch [9/30] Train Loss: 0.0026 Val Loss: 0.0025
  Best model saved!
Epoch [10/30] Train Loss: 0.0024 Val Loss: 0.0025
  Best model saved!
Epoch [11/30] Train Loss: 0.0023 Val Loss: 0.0023
  Best model saved!
Epoch [12/30] Train Loss: 0.0022 Val Loss: 0.0022
  Best model saved!
Epoch [13/30] Train Loss: 0.0021 Val Loss: 0.0022
  Best model saved!
Epoch [14/30] Train Loss: 0.0021 Val Loss: 0.0021
  Best model saved!
Epoch [15/30] Train Loss: 0.0020 Val Loss: 0.0021
Epoch [16/30] Train Loss: 0.0020 Val Loss: 0.0021
Epoch [17/30] Train Loss: 0.0019 Val Loss: 0.0020
  Best model saved!
Epoch [18/30] Train Loss: 0.0019 Val Loss: 0.0019
  Best model saved!
Epoch [19/30] Train Loss: 0.0018 Val Loss: 0.0019
  Best model saved!
Epoch [20/30] Train Loss: 0.0018 Val Loss: 0.0018
  Best model saved!
Epoch [21/30] Train Loss: 0.0018 Val Loss: 0.0018
Epoch [22/30] Train Loss: 0.0017 Val Loss: 0.0018
  Best model saved!
Epoch [23/30] Train Loss: 0.0017 Val Loss: 0.0017
  Best model saved!
Epoch [24/30] Train Loss: 0.0016 Val Loss: 0.0017
Epoch [25/30] Train Loss: 0.0016 Val Loss: 0.0017
Epoch [26/30] Train Loss: 0.0016 Val Loss: 0.0017
Epoch [27/30] Train Loss: 0.0015 Val Loss: 0.0017
  Best model saved!
Epoch [28/30] Train Loss: 0.0015 Val Loss: 0.0016
  Best model saved!
Epoch [29/30] Train Loss: 0.0015 Val Loss: 0.0016
  Best model saved!
Epoch [30/30] Train Loss: 0.0015 Val Loss: 0.0017
학습 완료! Best Val Loss: 0.0016
