epoch,train_loss,val_lDevice: cuda
Train (정상만): 10000개
Test (불량 전체): 25519개
불량 클래스 분포:
Edge-Ring    9680
Edge-Loc     5189
Center       4294
Loc          3593
Scratch      1193
Random        866
Donut         555
Near-full     149
Name: failureType, dtype: int64
Epoch [1/30] Train Loss: 0.1339 Val Loss: 0.0866
  Best model saved!
Epoch [2/30] Train Loss: 0.0712 Val Loss: 0.0601
  Best model saved!
Epoch [3/30] Train Loss: 0.0522 Val Loss: 0.0486
  Best model saved!
Epoch [4/30] Train Loss: 0.0433 Val Loss: 0.0429
  Best model saved!
Epoch [5/30] Train Loss: 0.0384 Val Loss: 0.0383
  Best model saved!
Epoch [6/30] Train Loss: 0.0350 Val Loss: 0.0357
  Best model saved!
Epoch [7/30] Train Loss: 0.0326 Val Loss: 0.0336
  Best model saved!
Epoch [8/30] Train Loss: 0.0307 Val Loss: 0.0327
  Best model saved!
Epoch [9/30] Train Loss: 0.0292 Val Loss: 0.0307
  Best model saved!
Epoch [10/30] Train Loss: 0.0280 Val Loss: 0.0294
  Best model saved!
Epoch [11/30] Train Loss: 0.0269 Val Loss: 0.0284
  Best model saved!
Epoch [12/30] Train Loss: 0.0260 Val Loss: 0.0291
Epoch [13/30] Train Loss: 0.0252 Val Loss: 0.0280
  Best model saved!
Epoch [14/30] Train Loss: 0.0245 Val Loss: 0.0268
  Best model saved!
Epoch [15/30] Train Loss: 0.0239 Val Loss: 0.0261
  Best model saved!
Epoch [16/30] Train Loss: 0.0233 Val Loss: 0.0259
  Best model saved!
Epoch [17/30] Train Loss: 0.0229 Val Loss: 0.0255
  Best model saved!
Epoch [18/30] Train Loss: 0.0223 Val Loss: 0.0248
  Best model saved!
Epoch [19/30] Train Loss: 0.0220 Val Loss: 0.0241
  Best model saved!
Epoch [20/30] Train Loss: 0.0216 Val Loss: 0.0239
  Best model saved!
Epoch [21/30] Train Loss: 0.0212 Val Loss: 0.0240
Epoch [22/30] Train Loss: 0.0209 Val Loss: 0.0232
  Best model saved!
Epoch [23/30] Train Loss: 0.0206 Val Loss: 0.0229
  Best model saved!
Epoch [24/30] Train Loss: 0.0203 Val Loss: 0.0231
Epoch [25/30] Train Loss: 0.0200 Val Loss: 0.0229
  Best model saved!
Epoch [26/30] Train Loss: 0.0198 Val Loss: 0.0232
Epoch [27/30] Train Loss: 0.0195 Val Loss: 0.0221
  Best model saved!
Epoch [28/30] Train Loss: 0.0193 Val Loss: 0.0219
  Best model saved!
Epoch [29/30] Train Loss: 0.0191 Val Loss: 0.0218
  Best model saved!
Epoch [30/30] Train Loss: 0.0188 Val Loss: 0.0216
  Best model saved!
학습 완료! Best Val Loss: 0.0216
