epoch,train_loss,val_lDevice: cuda
Train (정상만): 10000개
Test (불량 전체): 25519개
불량 클래스 분포:
Edge-Ring    9680
Edge-Loc     5189
Center       4294
Loc          3593
Scratch      1193
Random        866
Donut         555
Near-full     149
Name: failureType, dtype: int64
Epoch [1/30] Train Loss: 0.1163 Val Loss: 0.0667
  Best model saved!
Epoch [2/30] Train Loss: 0.0544 Val Loss: 0.0465
  Best model saved!
Epoch [3/30] Train Loss: 0.0419 Val Loss: 0.0425
  Best model saved!
Epoch [4/30] Train Loss: 0.0334 Val Loss: 0.0317
  Best model saved!
Epoch [5/30] Train Loss: 0.0274 Val Loss: 0.0263
  Best model saved!
Epoch [6/30] Train Loss: 0.0238 Val Loss: 0.0232
  Best model saved!
Epoch [7/30] Train Loss: 0.0209 Val Loss: 0.0210
  Best model saved!
Epoch [8/30] Train Loss: 0.0190 Val Loss: 0.0216
Epoch [9/30] Train Loss: 0.0173 Val Loss: 0.0187
  Best model saved!
Epoch [10/30] Train Loss: 0.0162 Val Loss: 0.0174
  Best model saved!
Epoch [11/30] Train Loss: 0.0153 Val Loss: 0.0167
  Best model saved!
Epoch [12/30] Train Loss: 0.0144 Val Loss: 0.0173
Epoch [13/30] Train Loss: 0.0136 Val Loss: 0.0154
  Best model saved!
Epoch [14/30] Train Loss: 0.0130 Val Loss: 0.0149
  Best model saved!
Epoch [15/30] Train Loss: 0.0125 Val Loss: 0.0147
  Best model saved!
Epoch [16/30] Train Loss: 0.0119 Val Loss: 0.0133
  Best model saved!
Epoch [17/30] Train Loss: 0.0115 Val Loss: 0.0135
Epoch [18/30] Train Loss: 0.0112 Val Loss: 0.0133
  Best model saved!
Epoch [19/30] Train Loss: 0.0108 Val Loss: 0.0125
  Best model saved!
Epoch [20/30] Train Loss: 0.0105 Val Loss: 0.0129
Epoch [21/30] Train Loss: 0.0103 Val Loss: 0.0127
Epoch [22/30] Train Loss: 0.0099 Val Loss: 0.0118
  Best model saved!
Epoch [23/30] Train Loss: 0.0097 Val Loss: 0.0119
Epoch [24/30] Train Loss: 0.0094 Val Loss: 0.0143
Epoch [25/30] Train Loss: 0.0092 Val Loss: 0.0113
  Best model saved!
Epoch [26/30] Train Loss: 0.0091 Val Loss: 0.0116
Epoch [27/30] Train Loss: 0.0088 Val Loss: 0.0110
  Best model saved!
Epoch [28/30] Train Loss: 0.0086 Val Loss: 0.0114
Epoch [29/30] Train Loss: 0.0085 Val Loss: 0.0107
  Best model saved!
Epoch [30/30] Train Loss: 0.0082 Val Loss: 0.0109
학습 완료! Best Val Loss: 0.0107
